2026-05-25 21:55:55,439 - INFO - ETL START
2026-05-25 21:55:55,439 - INFO - EXTRACT START
2026-05-25 21:55:55,470 - INFO - EXTRACT DONE
2026-05-25 21:55:55,470 - INFO - TRANSFORM START
2026-05-25 21:55:55,501 - INFO - TRANSFORM DONE
2026-05-25 21:55:55,501 - INFO - LOAD START
2026-05-25 21:56:22,436 - INFO - ETL START
2026-05-25 21:56:22,436 - INFO - EXTRACT START
2026-05-25 21:56:22,466 - INFO - EXTRACT DONE
2026-05-25 21:56:22,466 - INFO - TRANSFORM START
2026-05-25 21:56:22,488 - INFO - TRANSFORM DONE
2026-05-25 21:56:22,488 - INFO - LOAD START
2026-05-25 21:56:23,534 - INFO - LOAD DONE
2026-05-25 21:58:54,897 - INFO - ETL START
2026-05-25 21:58:54,897 - INFO - EXTRACT START
2026-05-25 21:58:54,937 - INFO - EXTRACT DONE
2026-05-25 21:58:54,937 - INFO - TRANSFORM START
2026-05-25 21:58:54,962 - INFO - TRANSFORM DONE
2026-05-25 21:58:54,963 - INFO - LOAD START
2026-05-25 21:58:55,932 - INFO - LOAD DONE
