2026-05-25 22:01:00,107 - INFO - ETL START
2026-05-25 22:01:00,107 - INFO - EXTRACT START
2026-05-25 22:01:00,146 - INFO - EXTRACT DONE
2026-05-25 22:01:00,147 - INFO - TRANSFORM START
2026-05-25 22:01:00,166 - INFO - TRANSFORM DONE
2026-05-25 22:01:00,166 - INFO - LOAD START
2026-05-25 22:01:01,207 - INFO - LOAD DONE
2026-05-26 00:03:17,655 - INFO - ETL START
2026-05-26 00:03:17,655 - INFO - EXTRACT START
2026-05-26 00:03:17,691 - INFO - EXTRACT DONE
2026-05-26 00:03:17,692 - INFO - TRANSFORM START
2026-05-26 00:03:17,719 - INFO - TRANSFORM DONE
2026-05-26 00:03:17,719 - INFO - LOAD START
2026-05-26 00:05:44,103 - INFO - ETL START
2026-05-26 00:05:44,103 - INFO - EXTRACT START
2026-05-26 00:05:44,131 - INFO - EXTRACT DONE
2026-05-26 00:05:44,133 - INFO - TRANSFORM START
2026-05-26 00:05:44,148 - INFO - TRANSFORM DONE
2026-05-26 00:05:44,148 - INFO - LOAD START
2026-05-26 00:08:44,445 - INFO - ETL START
2026-05-26 00:08:44,446 - INFO - EXTRACT START
2026-05-26 00:08:44,474 - INFO - EXTRACT DONE
2026-05-26 00:08:44,475 - INFO - TRANSFORM START
2026-05-26 00:08:44,504 - INFO - TRANSFORM DONE
2026-05-26 00:08:44,505 - INFO - LOAD START
2026-05-26 00:10:00,047 - INFO - ETL START
2026-05-26 00:10:00,047 - INFO - EXTRACT START
2026-05-26 00:10:00,072 - INFO - EXTRACT DONE
2026-05-26 00:10:00,072 - INFO - TRANSFORM START
2026-05-26 00:10:00,099 - INFO - TRANSFORM DONE
2026-05-26 00:10:00,100 - INFO - LOAD START
2026-05-26 00:10:01,092 - INFO - LOAD DONE
2026-05-26 00:12:43,572 - INFO - ETL START
2026-05-26 00:12:43,572 - INFO - EXTRACT START
2026-05-26 00:12:43,602 - INFO - EXTRACT DONE
2026-05-26 00:12:43,602 - INFO - TRANSFORM START
2026-05-26 00:12:43,625 - INFO - TRANSFORM DONE
2026-05-26 00:12:43,625 - INFO - LOAD START
2026-05-26 00:12:44,610 - INFO - LOAD DONE
2026-05-26 00:23:42,744 - INFO - ETL START
2026-05-26 00:23:42,744 - INFO - EXTRACT START
2026-05-26 00:23:42,777 - INFO - EXTRACT DONE
2026-05-26 00:23:42,777 - INFO - TRANSFORM START
2026-05-26 00:23:42,817 - INFO - TRANSFORM DONE
2026-05-26 00:23:42,817 - INFO - LOAD START
2026-05-26 00:23:43,867 - INFO - LOAD DONE
2026-05-26 00:23:43,867 - INFO - ANALYTICS START
2026-05-26 00:23:43,925 - INFO - ANALYTICS DONE
2026-05-26 00:23:43,926 - INFO - ETL FINISHED
